[WARNING] Running as root is not recommended
File "./out_types.v", line 35, characters 2-26:
Warning: This interactive proof is not started by the "Proof" command.
[missing-proof-command,fragile,default]
File "./out_types.v", line 38, characters 2-8:
Warning: This interactive proof is not started by the "Proof" command.
[missing-proof-command,fragile,default]
File "./out_types.v", line 44, characters 2-169:
Warning: This interactive proof is not started by the "Proof" command.
[missing-proof-command,fragile,default]
File "./out_types.v", line 53, characters 2-27:
Warning: This interactive proof is not started by the "Proof" command.
[missing-proof-command,fragile,default]
File "./out_types.v", line 58, characters 0-41:
Warning: This interactive proof is not started by the "Proof" command.
[missing-proof-command,fragile,default]
File "./out_types.v", line 60, characters 0-55:
Warning: Implicitly declaring Rewrite hint databases is deprecated. Please
explicitly create "register_beq_iffs"
[implicit-create-rewrite-hint-db,deprecated-since-9.2,deprecated,default]
File "./out_types.v", line 61, characters 0-57:
Warning: Implicitly declaring Rewrite hint databases is deprecated. Please
explicitly create "register_beq_refls"
[implicit-create-rewrite-hint-db,deprecated-since-9.2,deprecated,default]
File "./out_types.v", line 67, characters 60-168:
Warning: This interactive proof is not started by the "Proof" command.
[missing-proof-command,fragile,default]
File "./out_types.v", line 111, characters 2-163:
Warning: This interactive proof is not started by the "Proof" command.
[missing-proof-command,fragile,default]
File "./out_types.v", line 124, characters 0-77:
Warning: This interactive proof is not started by the "Proof" command.
[missing-proof-command,fragile,default]
File "./out_types.v", line 146, characters 0-68:
Warning: This interactive proof is not started by the "Proof" command.
[missing-proof-command,fragile,default]
File "./out_types.v", line 176, characters 0-43:
Warning: This interactive proof is not started by the "Proof" command.
[missing-proof-command,fragile,default]
File "./out_types.v", line 198, characters 0-123:
Warning: This interactive proof is not started by the "Proof" command.
[missing-proof-command,fragile,default]
File "./out_types.v", line 206, characters 28-41:
Error:
In environment:
r : register
r0 : register_real
Unable to satisfy the following constraints:
?Goal0 : Countable (type_of_register r0)[r] [x] |- 
                                          ?Goal@{r:=R_real r; r0:=r} ==
                                          ?Goal0@{r:=R_real r; r0:=r}

