[WARNING] Running as root is not recommended

CONTEXT SUMMARY
===============

* Theory: Set is predicative
  
* Theory: Rewrite rules are not allowed
  
* Axioms:
    Stdlib.Logic.FunctionalExtensionality.functional_extensionality_dep
    Stdlib.Reals.ClassicalDedekindReals.sig_not_dec
    Stdlib.Reals.ClassicalDedekindReals.sig_forall_dec
    Stdlib.Logic.Eqdep.Eq_rect_eq.eq_rect_eq
    Stdlib.Logic.Classical_Prop.classic
  
* Constants/Inductives relying on type-in-type: <none>
  
* Constants/Inductives relying on unsafe (co)fixpoints: <none>
  
* Inductives whose positivity is assumed: <none>
  
* Inductives relying on indices not mattering:
    Corelib.Init.Datatypes.eq_true
    stdpp.base.TCEq
    Stdlib.btauto.Algebra.null
    Stdlib.Logic.EqdepFacts.eq_dep
    Corelib.Init.Logic.eq
  
